// Jest Snapshot v1, https://goo.gl/fbAQLP

exports[`renders itinerary page unchanged 1`] = `
<div>
  <div>
    ItineraryModule
  </div>
</div>
`;
